Microchip MPLAB XC8 Compiler V2.32

Linker command line:

-W-3 --edf=C:\Program Files\Microchip\xc8\v2.32\pic\dat\en_msgs.txt -cn \
  -h+dist/default/production\Wuerfel.X.production.sym \
  --cmf=dist/default/production\Wuerfel.X.production.cmf -z -Q16F1936 \
  -oC:\Users\DIDO\AppData\Local\Temp\xcAsi6k.4 --defsym=__MPLAB_BUILD=1 \
  -Mdist/default/production/Wuerfel.X.production.map -E1 -ver=XC8 Compiler \
  --acfsm=1493 -ASTACK=0201Ah-021EFh -pstack=STACK -ACODE=00h-07FFhx4 \
  -ASTRCODE=00h-01FFFh -ASTRING=00h-0FFhx32 -ACONST=00h-0FFhx32 \
  -AENTRY=00h-0FFhx32 -ACOMMON=070h-07Fh -ABANK0=020h-06Fh \
  -ABANK1=0A0h-0EFh -ABANK2=0120h-016Fh -ABANK3=01A0h-01EFh \
  -ABANK4=0220h-026Fh -ABANK5=02A0h-02EFh -ABANK6=0320h-032Fh \
  -ABIGRAM=02000h-021EFh \
  -ARAM=020h-06Fh,0A0h-0EFh,0120h-016Fh,01A0h-01EFh,0220h-026Fh,02A0h-02EFh,0320h-032Fh \
  -AABS1=020h-07Fh,0A0h-0EFh,0120h-016Fh,01A0h-01EFh,0220h-026Fh,02A0h-02EFh,0320h-032Fh \
  -ASFR0=00h-01Fh -ASFR1=080h-09Fh -ASFR2=0100h-011Fh -ASFR3=0180h-019Fh \
  -ASFR4=0200h-021Fh -ASFR5=0280h-029Fh -ASFR6=0300h-031Fh \
  -ASFR7=0380h-03EFh -ASFR8=0400h-046Fh -ASFR9=0480h-04EFh \
  -ASFR10=0500h-056Fh -ASFR11=0580h-05EFh -ASFR12=0600h-066Fh \
  -ASFR13=0680h-06EFh -ASFR14=0700h-076Fh -ASFR15=0780h-07EFh \
  -ASFR16=0800h-086Fh -ASFR17=0880h-08EFh -ASFR18=0900h-096Fh \
  -ASFR19=0980h-09EFh -ASFR20=0A00h-0A6Fh -ASFR21=0A80h-0AEFh \
  -ASFR22=0B00h-0B6Fh -ASFR23=0B80h-0BEFh -ASFR24=0C00h-0C6Fh \
  -ASFR25=0C80h-0CEFh -ASFR26=0D00h-0D6Fh -ASFR27=0D80h-0DEFh \
  -ASFR28=0E00h-0E6Fh -ASFR29=0E80h-0EEFh -ASFR30=0F00h-0F6Fh \
  -ASFR31=0F80h-0FEFh -ACONFIG=08007h-08008h -DCONFIG=2 \
  -AIDLOC=08000h-08003h -DIDLOC=2 -AEEDATA=00h-0FFh/0F000h \
  -peeprom_data=EEDATA -DEEDATA=2 -DCODE=2 -DSTRCODE=2 -DSTRING=2 -DCONST=2 \
  -DENTRY=2 -preset_vec=00h,intentry=04h,init,end_init -ppowerup=CODE \
  -pcinit=CODE -pfunctab=ENTRY -k \
  C:\Users\DIDO\AppData\Local\Temp\xcAsi6k.o \
  dist/default/production\Wuerfel.X.production.o 

Object code version is 3.11

Machine type is 16F1936



                Name                               Link     Load   Length Selector   Space Scale
C:\Users\DIDO\AppData\Local\Temp\xcAsi6k.o
                end_init                             13       13        2        8       0
                reset_vec                             0        0        2        0       0
                config                             8007     8007        2        0       4
dist/default/production\Wuerfel.X.production.o
                cinit                                15       15        D        8       0
                intentry                              4        4        F        8       0
                config                             8007     8007        2        0       4
                text18                              216      216        1        8       0
                text17                               7A       7A       54        8       0
                text16                              13F      13F       33        8       0
                text15                              10A      10A       35        8       0
                text14                               CE       CE       3C        8       0
                text13                              212      212        4        8       0
                text12                               22       22       58        8       0
                text11                              1F0      1F0        9        8       0
                text9                               1F9      1F9        7        8       0
                text8                               200      200        6        8       0
                text7                               1A4      1A4       28        8       0
                text6                               1CC      1CC        E        8       0
                text5                               20E      20E        4        8       0
                text4                               1DA      1DA        D        8       0
                text3                               20A      20A        4        8       0
                text2                               206      206        4        8       0
                text1                               1E7      1E7        9        8       0
                maintext                            172      172       32        8       0
                cstackBANK0                          20       20        F       20       1
                cstackCOMMON                         70       70        E       70       1
                bssBANK0                             2F       2F        8       20       1
                nvBANK0                              37       37        3       20       1

TOTAL           Name                               Link     Load   Length     Space
        CLASS   STACK          

        CLASS   CODE           
                end_init                             13       13        2         0
                cinit                                15       15        D         0
                intentry                              4        4        F         0
                reset_vec                             0        0        2         0
                text18                              216      216        1         0
                text17                               7A       7A       54         0
                text16                              13F      13F       33         0
                text15                              10A      10A       35         0
                text14                               CE       CE       3C         0
                text13                              212      212        4         0
                text12                               22       22       58         0
                text11                              1F0      1F0        9         0
                text9                               1F9      1F9        7         0
                text8                               200      200        6         0
                text7                               1A4      1A4       28         0
                text6                               1CC      1CC        E         0
                text5                               20E      20E        4         0
                text4                               1DA      1DA        D         0
                text3                               20A      20A        4         0
                text2                               206      206        4         0
                text1                               1E7      1E7        9         0
                maintext                            172      172       32         0

        CLASS   STRCODE        

        CLASS   STRING         

        CLASS   CONST          

        CLASS   ENTRY          

        CLASS   COMMON         
                cstackCOMMON                         70       70        E         1

        CLASS   BANK0          
                cstackBANK0                          20       20        F         1
                bssBANK0                             2F       2F        8         1
                nvBANK0                              37       37        3         1

        CLASS   BANK1          

        CLASS   BANK2          

        CLASS   BANK3          

        CLASS   BANK4          

        CLASS   BANK5          

        CLASS   BANK6          

        CLASS   BIGRAM         

        CLASS   RAM            

        CLASS   ABS1           
                abs_s1                               7E       7E        2         1

        CLASS   SFR0           

        CLASS   SFR1           

        CLASS   SFR2           

        CLASS   SFR3           

        CLASS   SFR4           

        CLASS   SFR5           

        CLASS   SFR6           

        CLASS   SFR7           

        CLASS   SFR8           

        CLASS   SFR9           

        CLASS   SFR10          

        CLASS   SFR11          

        CLASS   SFR12          

        CLASS   SFR13          

        CLASS   SFR14          

        CLASS   SFR15          

        CLASS   SFR16          

        CLASS   SFR17          

        CLASS   SFR18          

        CLASS   SFR19          

        CLASS   SFR20          

        CLASS   SFR21          

        CLASS   SFR22          

        CLASS   SFR23          

        CLASS   SFR24          

        CLASS   SFR25          

        CLASS   SFR26          

        CLASS   SFR27          

        CLASS   SFR28          

        CLASS   SFR29          

        CLASS   SFR30          

        CLASS   SFR31          

        CLASS   CONFIG         
                config                             8007     8007        2         4

        CLASS   IDLOC          

        CLASS   EEDATA         

        CLASS   BANK31         

        CLASS   BANK30         

        CLASS   BANK29         

        CLASS   BANK28         

        CLASS   BANK27         

        CLASS   BANK26         

        CLASS   BANK25         

        CLASS   BANK24         

        CLASS   BANK23         

        CLASS   BANK22         

        CLASS   BANK21         

        CLASS   BANK20         

        CLASS   BANK19         

        CLASS   BANK18         

        CLASS   BANK17         

        CLASS   BANK16         

        CLASS   BANK15         

        CLASS   BANK14         

        CLASS   BANK13         

        CLASS   BANK12         

        CLASS   BANK11         

        CLASS   BANK10         

        CLASS   BANK9          

        CLASS   BANK8          

        CLASS   BANK7          



SEGMENTS        Name                           Load    Length   Top    Selector   Space  Class     Delta

                reset_vec                      000000  000002  000002         0       0  CODE        2
                intentry                       000004  000213  000217         8       0  CODE        2
                cstackBANK0                    000020  00001A  00003A        20       1  BANK0       1
                cstackCOMMON                   000070  00000E  00007E        70       1  COMMON      1


UNUSED ADDRESS RANGES

        Name                Unused          Largest block    Delta
        BANK0            0003A-0006F              36           1
        BANK1            000A0-000EF              50           1
        BANK2            00120-0016F              50           1
        BANK3            001A0-001EF              50           1
        BANK4            00220-0026F              50           1
        BANK5            002A0-002EF              50           1
        BANK6            00320-0032F              10           1
        BIGRAM           02000-021EF             1F0           1
        CODE             00002-00003               2           2
                         00217-01FFF             800
        CONST            00002-00003               2           2
                         00217-01FFF             100
        EEDATA           0F000-0F0FF             100           2
        ENTRY            00002-00003               2           2
                         00217-01FFF             100
        IDLOC            08000-08003               4           2
        RAM              0003A-0006F              36           1
                         000A0-000EF              50
                         00120-0016F              50
                         001A0-001EF              50
                         00220-0026F              50
                         002A0-002EF              50
                         00320-0032F              10
        SFR0             00000-0001F              20           1
        SFR1             00080-0009F              20           1
        SFR10            00500-0056F              70           1
        SFR11            00580-005EF              70           1
        SFR12            00600-0066F              70           1
        SFR13            00680-006EF              70           1
        SFR14            00700-0076F              70           1
        SFR15            00780-007EF              70           1
        SFR16            00800-0086F              70           1
        SFR17            00880-008EF              70           1
        SFR18            00900-0096F              70           1
        SFR19            00980-009EF              70           1
        SFR2             00100-0011F              20           1
        SFR20            00A00-00A6F              70           1
        SFR21            00A80-00AEF              70           1
        SFR22            00B00-00B6F              70           1
        SFR23            00B80-00BEF              70           1
        SFR24            00C00-00C6F              70           1
        SFR25            00C80-00CEF              70           1
        SFR26            00D00-00D6F              70           1
        SFR27            00D80-00DEF              70           1
        SFR28            00E00-00E6F              70           1
        SFR29            00E80-00EEF              70           1
        SFR3             00180-0019F              20           1
        SFR30            00F00-00F6F              70           1
        SFR31            00F80-00FEF              70           1
        SFR4             00200-0021F              20           1
        SFR5             00280-0029F              20           1
        SFR6             00300-0031F              20           1
        SFR7             00380-003EF              70           1
        SFR8             00400-0046F              70           1
        SFR9             00480-004EF              70           1
        STACK            0201A-021EF             1D6           1
        STRCODE          00002-00003               2           2
                         00217-01FFF            1DE9
        STRING           00002-00003               2           2
                         00217-01FFF             100

                                  Symbol Table

?___awmod                                   cstackBANK0  00024
?___lmul                                    cstackCOMMON 00070
?_rand                                      cstackCOMMON 0007C
IOCBF0_SetInterruptHandler@InterruptHandler cstackBANK0  0002B
_ANSELA                                     (abs)        0018C
_ANSELB                                     (abs)        0018D
_APFCON                                     (abs)        0011D
_BORCON                                     (abs)        00116
_INTCONbits                                 (abs)        0000B
_INTERRUPT_InterruptManager                 intentry     00004
_IOCBF0_DefaultInterruptHandler             text18       00216
_IOCBF0_ISR                                 text12       00022
_IOCBF0_InterruptHandler                    nvBANK0      00037
_IOCBF0_SetInterruptHandler                 text8        00200
_IOCBFbits                                  (abs)        00396
_IOCBNbits                                  (abs)        00395
_IOCBPbits                                  (abs)        00394
_LATA                                       (abs)        0010C
_LATAbits                                   (abs)        0010C
_LATB                                       (abs)        0010D
_LATC                                       (abs)        0010E
_LATE                                       (abs)        00110
_OPTION_REG                                 (abs)        00095
_OPTION_REGbits                             (abs)        00095
_OSCCON                                     (abs)        00099
_OSCILLATOR_Initialize                      text9        001F9
_OSCTUNE                                    (abs)        00098
_PIN_MANAGER_IOC                            text11       001F0
_PIN_MANAGER_Initialize                     text7        001A4
_PORTBbits                                  (abs)        0000D
_SYSTEM_Initialize                          text4        001DA
_TMR0                                       (abs)        00015
_TMR0_HasOverflowOccured                    text3        0020A
_TMR0_Initialize                            text6        001CC
_TMR0_Reload                                text2        00206
_TRISA                                      (abs)        0008C
_TRISB                                      (abs)        0008D
_TRISC                                      (abs)        0008E
_TRISE                                      (abs)        00090
_WDTCON                                     (abs)        00097
_WDT_Initialize                             text5        0020E
_WPUB                                       (abs)        0020D
_WPUE                                       (abs)        00210
__Habs1                                     abs1         00000
__Hbank0                                    bank0        00000
__Hbank1                                    bank1        00000
__Hbank10                                   bank10       00000
__Hbank11                                   bank11       00000
__Hbank12                                   bank12       00000
__Hbank13                                   bank13       00000
__Hbank14                                   bank14       00000
__Hbank15                                   bank15       00000
__Hbank16                                   bank16       00000
__Hbank17                                   bank17       00000
__Hbank18                                   bank18       00000
__Hbank19                                   bank19       00000
__Hbank2                                    bank2        00000
__Hbank20                                   bank20       00000
__Hbank21                                   bank21       00000
__Hbank22                                   bank22       00000
__Hbank23                                   bank23       00000
__Hbank24                                   bank24       00000
__Hbank25                                   bank25       00000
__Hbank26                                   bank26       00000
__Hbank27                                   bank27       00000
__Hbank28                                   bank28       00000
__Hbank29                                   bank29       00000
__Hbank3                                    bank3        00000
__Hbank30                                   bank30       00000
__Hbank31                                   bank31       00000
__Hbank4                                    bank4        00000
__Hbank5                                    bank5        00000
__Hbank6                                    bank6        00000
__Hbank7                                    bank7        00000
__Hbank8                                    bank8        00000
__Hbank9                                    bank9        00000
__Hbigram                                   bigram       00000
__HbssBANK0                                 bssBANK0     00000
__Hcinit                                    cinit        00022
__Hclrtext                                  clrtext      00000
__Hcode                                     code         00000
__Hcommon                                   common       00000
__Hconfig                                   config       08009
__HcstackBANK0                              cstackBANK0  00000
__HcstackCOMMON                             cstackCOMMON 00000
__Heeprom_data                              eeprom_data  00000
__Hend_init                                 end_init     00015
__Hfunctab                                  functab      00000
__Hinit                                     init         00013
__Hintentry                                 intentry     00013
__Hmaintext                                 maintext     00000
__HnvBANK0                                  nvBANK0      00000
__Hpowerup                                  powerup      00000
__Hram                                      ram          00000
__Hreset_vec                                reset_vec    00002
__Hsfr0                                     sfr0         00000
__Hsfr1                                     sfr1         00000
__Hsfr10                                    sfr10        00000
__Hsfr11                                    sfr11        00000
__Hsfr12                                    sfr12        00000
__Hsfr13                                    sfr13        00000
__Hsfr14                                    sfr14        00000
__Hsfr15                                    sfr15        00000
__Hsfr16                                    sfr16        00000
__Hsfr17                                    sfr17        00000
__Hsfr18                                    sfr18        00000
__Hsfr19                                    sfr19        00000
__Hsfr2                                     sfr2         00000
__Hsfr20                                    sfr20        00000
__Hsfr21                                    sfr21        00000
__Hsfr22                                    sfr22        00000
__Hsfr23                                    sfr23        00000
__Hsfr24                                    sfr24        00000
__Hsfr25                                    sfr25        00000
__Hsfr26                                    sfr26        00000
__Hsfr27                                    sfr27        00000
__Hsfr28                                    sfr28        00000
__Hsfr29                                    sfr29        00000
__Hsfr3                                     sfr3         00000
__Hsfr30                                    sfr30        00000
__Hsfr31                                    sfr31        00000
__Hsfr4                                     sfr4         00000
__Hsfr5                                     sfr5         00000
__Hsfr6                                     sfr6         00000
__Hsfr7                                     sfr7         00000
__Hsfr8                                     sfr8         00000
__Hsfr9                                     sfr9         00000
__Hspace_0                                  (abs)        00217
__Hspace_1                                  (abs)        0007E
__Hspace_2                                  (abs)        00000
__Hspace_3                                  (abs)        00000
__Hspace_4                                  (abs)        10010
__Hstack                                    stack        00000
__Hstrings                                  strings      00000
__Htext                                     text         00000
__Labs1                                     abs1         00000
__Lbank0                                    bank0        00000
__Lbank1                                    bank1        00000
__Lbank10                                   bank10       00000
__Lbank11                                   bank11       00000
__Lbank12                                   bank12       00000
__Lbank13                                   bank13       00000
__Lbank14                                   bank14       00000
__Lbank15                                   bank15       00000
__Lbank16                                   bank16       00000
__Lbank17                                   bank17       00000
__Lbank18                                   bank18       00000
__Lbank19                                   bank19       00000
__Lbank2                                    bank2        00000
__Lbank20                                   bank20       00000
__Lbank21                                   bank21       00000
__Lbank22                                   bank22       00000
__Lbank23                                   bank23       00000
__Lbank24                                   bank24       00000
__Lbank25                                   bank25       00000
__Lbank26                                   bank26       00000
__Lbank27                                   bank27       00000
__Lbank28                                   bank28       00000
__Lbank29                                   bank29       00000
__Lbank3                                    bank3        00000
__Lbank30                                   bank30       00000
__Lbank31                                   bank31       00000
__Lbank4                                    bank4        00000
__Lbank5                                    bank5        00000
__Lbank6                                    bank6        00000
__Lbank7                                    bank7        00000
__Lbank8                                    bank8        00000
__Lbank9                                    bank9        00000
__Lbigram                                   bigram       00000
__LbssBANK0                                 bssBANK0     00000
__Lcinit                                    cinit        00015
__Lclrtext                                  clrtext      00000
__Lcode                                     code         00000
__Lcommon                                   common       00000
__Lconfig                                   config       00000
__LcstackBANK0                              cstackBANK0  00000
__LcstackCOMMON                             cstackCOMMON 00000
__Leeprom_data                              eeprom_data  00000
__Lend_init                                 end_init     00013
__Lfunctab                                  functab      00000
__Linit                                     init         00013
__Lintentry                                 intentry     00004
__Lmaintext                                 maintext     00000
__LnvBANK0                                  nvBANK0      00000
__Lpowerup                                  powerup      00000
__Lram                                      ram          00000
__Lreset_vec                                reset_vec    00000
__Lsfr0                                     sfr0         00000
__Lsfr1                                     sfr1         00000
__Lsfr10                                    sfr10        00000
__Lsfr11                                    sfr11        00000
__Lsfr12                                    sfr12        00000
__Lsfr13                                    sfr13        00000
__Lsfr14                                    sfr14        00000
__Lsfr15                                    sfr15        00000
__Lsfr16                                    sfr16        00000
__Lsfr17                                    sfr17        00000
__Lsfr18                                    sfr18        00000
__Lsfr19                                    sfr19        00000
__Lsfr2                                     sfr2         00000
__Lsfr20                                    sfr20        00000
__Lsfr21                                    sfr21        00000
__Lsfr22                                    sfr22        00000
__Lsfr23                                    sfr23        00000
__Lsfr24                                    sfr24        00000
__Lsfr25                                    sfr25        00000
__Lsfr26                                    sfr26        00000
__Lsfr27                                    sfr27        00000
__Lsfr28                                    sfr28        00000
__Lsfr29                                    sfr29        00000
__Lsfr3                                     sfr3         00000
__Lsfr30                                    sfr30        00000
__Lsfr31                                    sfr31        00000
__Lsfr4                                     sfr4         00000
__Lsfr5                                     sfr5         00000
__Lsfr6                                     sfr6         00000
__Lsfr7                                     sfr7         00000
__Lsfr8                                     sfr8         00000
__Lsfr9                                     sfr9         00000
__Lspace_0                                  (abs)        00000
__Lspace_1                                  (abs)        00000
__Lspace_2                                  (abs)        00000
__Lspace_3                                  (abs)        00000
__Lspace_4                                  (abs)        00000
__Lstack                                    stack        00000
__Lstrings                                  strings      00000
__Ltext                                     text         00000
__S0                                        (abs)        00217
__S1                                        (abs)        0007E
__S2                                        (abs)        00000
__S3                                        (abs)        00000
___awmod                                    text17       0007A
___awmod@counter                            cstackBANK0  00029
___awmod@dividend                           cstackBANK0  00026
___awmod@divisor                            cstackBANK0  00024
___awmod@sign                               cstackBANK0  0002A
___int_sp                                   stack        00000
___latbits                                  (abs)        00002
___lmul                                     text16       0013F
___lmul@multiplicand                        cstackCOMMON 00074
___lmul@multiplier                          cstackCOMMON 00070
___lmul@product                             cstackCOMMON 00078
___sp                                       stack        00000
___stackhi                                  (abs)        021EF
___stacklo                                  (abs)        0201A
__end_of_INTERRUPT_InterruptManager         intentry     00013
__end_of_IOCBF0_DefaultInterruptHandler     text18       00217
__end_of_IOCBF0_ISR                         text12       0007A
__end_of_IOCBF0_SetInterruptHandler         text8        00206
__end_of_OSCILLATOR_Initialize              text9        00200
__end_of_PIN_MANAGER_IOC                    text11       001F9
__end_of_PIN_MANAGER_Initialize             text7        001CC
__end_of_SYSTEM_Initialize                  text4        001E7
__end_of_TMR0_HasOverflowOccured            text3        0020E
__end_of_TMR0_Initialize                    text6        001DA
__end_of_TMR0_Reload                        text2        0020A
__end_of_WDT_Initialize                     text5        00212
__end_of___awmod                            text17       000CE
__end_of___lmul                             text16       00172
__end_of__initialization                    cinit        0001E
__end_of_lichtaus                           text1        001F0
__end_of_main                               maintext     001A4
__end_of_rand                               text15       0013F
__end_of_turnon                             text14       0010A
__end_ofi1_TMR0_Reload                      text13       00216
__initialization                            cinit        00015
__pbssBANK0                                 bssBANK0     0002F
__pcstackBANK0                              cstackBANK0  00020
__pcstackCOMMON                             cstackCOMMON 00070
__pintentry                                 intentry     00004
__pmaintext                                 maintext     00172
__pnvBANK0                                  nvBANK0      00037
__ptext1                                    text1        001E7
__ptext11                                   text11       001F0
__ptext12                                   text12       00022
__ptext13                                   text13       00212
__ptext14                                   text14       000CE
__ptext15                                   text15       0010A
__ptext16                                   text16       0013F
__ptext17                                   text17       0007A
__ptext18                                   text18       00216
__ptext2                                    text2        00206
__ptext3                                    text3        0020A
__ptext4                                    text4        001DA
__ptext5                                    text5        0020E
__ptext6                                    text6        001CC
__ptext7                                    text7        001A4
__ptext8                                    text8        00200
__ptext9                                    text9        001F9
__size_of_INTERRUPT_InterruptManager        (abs)        00000
__size_of_IOCBF0_DefaultInterruptHandler    (abs)        00000
__size_of_IOCBF0_ISR                        (abs)        00000
__size_of_IOCBF0_SetInterruptHandler        (abs)        00000
__size_of_OSCILLATOR_Initialize             (abs)        00000
__size_of_PIN_MANAGER_IOC                   (abs)        00000
__size_of_PIN_MANAGER_Initialize            (abs)        00000
__size_of_SYSTEM_Initialize                 (abs)        00000
__size_of_TMR0_HasOverflowOccured           (abs)        00000
__size_of_TMR0_Initialize                   (abs)        00000
__size_of_TMR0_Reload                       (abs)        00000
__size_of_WDT_Initialize                    (abs)        00000
__size_of___awmod                           (abs)        00000
__size_of___lmul                            (abs)        00000
__size_of_lichtaus                          (abs)        00000
__size_of_main                              (abs)        00000
__size_of_rand                              (abs)        00000
__size_of_turnon                            (abs)        00000
__size_ofi1_TMR0_Reload                     (abs)        00000
_i                                          bssBANK0     0002F
_lichtaus                                   text1        001E7
_main                                       maintext     00172
_rand                                       text15       0010A
_seed                                       bssBANK0     00033
_timer0ReloadVal                            nvBANK0      00039
_turnon                                     text14       000CE
btemp                                       (abs)        0007E
end_of_initialization                       cinit        0001E
i1_TMR0_Reload                              text13       00212
int$flags                                   (abs)        0007E
intlevel0                                   functab      00000
intlevel1                                   functab      00000
intlevel2                                   functab      00000
intlevel3                                   functab      00000
intlevel4                                   functab      00000
intlevel5                                   functab      00000
main@x                                      cstackBANK0  0002D
reset_vec                                   reset_vec    00000
start                                       init         00013
start_initialization                        cinit        00015
turnon@i                                    cstackCOMMON 00070
wtemp0                                      (abs)        0007E


MODULE INFORMATION

Module		Function		Class		Link	Load	Size
mcc_generated_files/interrupt_manager.c
		_INTERRUPT_InterruptManager		CODE           	0004	0000	15

mcc_generated_files/interrupt_manager.c estimated size: 15

mcc_generated_files/tmr0.c
		_TMR0_Reload   		CODE           	0206	0000	4
		_TMR0_HasOverflowOccured		CODE           	020A	0000	4
		_TMR0_Initialize		CODE           	01CC	0000	14

mcc_generated_files/tmr0.c estimated size: 22

mcc_generated_files/pin_manager.c
		_IOCBF0_ISR    		CODE           	0022	0000	88
		_PIN_MANAGER_Initialize		CODE           	01A4	0000	40
		_turnon        		CODE           	00CE	0000	60
		_IOCBF0_SetInterruptHandler		CODE           	0200	0000	6
		_PIN_MANAGER_IOC		CODE           	01F0	0000	9
		_IOCBF0_DefaultInterruptHandler		CODE           	0216	0000	1

mcc_generated_files/pin_manager.c estimated size: 204

C:\Program Files\Microchip\xc8\v2.32\pic\sources\c99\common\rand.c
		_rand          		CODE           	010A	0000	53

C:\Program Files\Microchip\xc8\v2.32\pic\sources\c99\common\rand.c estimated size: 53

shared
		i1_TMR0_Reload 		CODE           	0212	0000	4
		__initialization		CODE           	0015	0000	9

shared estimated size: 13

C:\Program Files\Microchip\xc8\v2.32\pic\sources\c99\common\awmod.c
		___awmod       		CODE           	007A	0000	84

C:\Program Files\Microchip\xc8\v2.32\pic\sources\c99\common\awmod.c estimated size: 84

mcc_generated_files/mcc.c
		_WDT_Initialize		CODE           	020E	0000	4
		_OSCILLATOR_Initialize		CODE           	01F9	0000	7
		_SYSTEM_Initialize		CODE           	01DA	0000	13

mcc_generated_files/mcc.c estimated size: 24

C:\Program Files\Microchip\xc8\v2.32\pic\sources\c99\common\Umul32.c
		___lmul        		CODE           	013F	0000	51

C:\Program Files\Microchip\xc8\v2.32\pic\sources\c99\common\Umul32.c estimated size: 51

main.c
		_main          		CODE           	0172	0000	50
		_lichtaus      		CODE           	01E7	0000	9

main.c estimated size: 59

